ankerctl-settings
ankerctl-version
ankerctlContent
announcement-base-url
announcement-enabled
announcement-language
announcement-media-player
announcement-template
announcement-token
announcement-tts-entity
appearance-color-picker
appearance-form
appearance-save
apprise-effective-url
apprise-enabled
apprise-event-gcode-uploaded
apprise-event-print-failed
apprise-event-print-finished
apprise-event-print-progress
apprise-event-print-started
apprise-form
apprise-key
apprise-mode-server
apprise-mode-smtp
apprise-mode-webhook
apprise-progress-image
apprise-progress-interval
apprise-raw-body-template
apprise-raw-content-type
apprise-save
apprise-server-url
apprise-smtp-from
apprise-smtp-host
apprise-smtp-password
apprise-smtp-port
apprise-smtp-security
apprise-smtp-to
apprise-smtp-user
apprise-snapshot-fallback
apprise-snapshot-light
apprise-snapshot-quality
apprise-tag
apprise-test
apprise-webhook-url
auto-level-btn
autooff-banner
autooff-banner-text
autooff-cancel
badge-ctrl
badge-mqtt
badge-pppp
badge-video
bed-compare-a-wrap
bed-compare-b-wrap
bed-compare-body
bed-compare-btn
bed-compare-diff-stats
bed-compare-diff-wrap
bed-compare-result
bed-compare-status
bed-level-grid
bed-level-load-last-btn
bed-level-map-wrap
bed-level-read-btn
bed-level-save-btn
bed-level-stats
bed-level-status
bed-snap-a-select
bed-snap-b-select
bed-snap-list
bed-temp
camera-custom-snapshot
camera-custom-stream
camera-detail
camera-external-wrap
camera-form
camera-frigate-base
camera-frigate-camera
camera-go2rtc-base
camera-go2rtc-stream
camera-ha-fields
camera-kind
camera-kind-help
camera-mjpeg-stream
camera-name
camera-octoprint-base
camera-refresh
camera-reolink-channel
camera-reolink-host
camera-reolink-password
camera-reolink-user
camera-resolved-snapshot
camera-resolved-stream
camera-rewind-controls
camera-rewind-image
camera-rewind-label
camera-rewind-slider
camera-rtsp-stream
camera-save
camera-source
captchaRow
config-login-form
config-upload-form
control-home-all
control-home-xy
control-home-z
copyYear
dbg-controls
dbg-controls-tab
dbg-hide-update-badge
dbg-inspector
dbg-inspector-tab
dbg-log-autorefresh
dbg-log-content
dbg-log-count
dbg-log-file
dbg-log-level
dbg-log-lines
dbg-log-mqtt
dbg-log-pre
dbg-log-refresh-btn
dbg-log-search
dbg-logs
dbg-logs-tab
dbg-pppp-reconnect
dbg-pppp-reconnect-log
dbg-pppp-reconnect-state
dbg-refresh-services
dbg-refresh-state
dbg-server-shutdown
dbg-services
dbg-services-grid
dbg-services-refresh-indicator
dbg-services-tab
dbg-sim-fail
dbg-sim-finish
dbg-sim-layer
dbg-sim-progress-btn
dbg-sim-progress-slider
dbg-sim-progress-value
dbg-sim-speed
dbg-sim-start
dbg-simulation
dbg-simulation-tab
dbg-state-tables
dbg-test-update-badge
dbg-video-stats
debug
debug-tab
debugSectionContent
debugSectionNav
emergency-stop
external-camera-player
filament-allow-legacy-swap
filament-bed-temp-first
filament-bed-temp-other
filament-brand
filament-color
filament-cooling-enabled
filament-cooling-max
filament-cooling-min
filament-detect-color
filament-detect-result
filament-diameter
filament-flow-rate
filament-id
filament-infill-speed
filament-manual-swap-temp
filament-material
filament-max-vol-speed
filament-name
filament-new-btn
filament-notes
filament-nozzle-temp-first
filament-nozzle-temp-other
filament-perimeter-speed
filament-pressure-advance
filament-retract-length
filament-retract-lift-z
filament-retract-speed
filament-save-btn
filament-save-swap-settings-btn
filament-scarf-angle
filament-scarf-conditional
filament-scarf-enabled
filament-scarf-length
filament-scarf-opts
filament-scarf-speed
filament-scarf-steps
filament-seam-gap
filament-seam-position
filament-search
filament-service-cooldown-btn
filament-service-extrude-btn
filament-service-length
filament-service-preheat-btn
filament-service-profile
filament-service-retract-btn
filament-service-status
filament-service-temp
filament-sort-btn
filament-sort-icon
filament-swap-cancel-btn
filament-swap-confirm-btn
filament-swap-load-length
filament-swap-load-profile
filament-swap-settings-status
filament-swap-start-btn
filament-swap-state
filament-swap-unload-length
filament-swap-unload-profile
filament-travel-speed
filament-wipe-distance
filament-wipe-enabled
filament-wipe-opts
filament-wipe-retract-before
filament-wipe-speed
filamentModal
filamentModalLabel
filaments
filaments-tab
filaments-table
filaments-tbody
gcode
gcode-canvas
gcode-custom-section
gcode-file
gcode-file-send
gcode-input
gcode-layer-label
gcode-layer-slider
gcode-log
gcode-show-travel
gcode-text-send
gcode-viewer-modal
gcode-viewer-status
gcode-viewer-title
ha-camera-base-url
ha-camera-enabled
ha-camera-entity
ha-camera-token
history
history-clear
history-count
history-load-more
history-tab
history-table
history-tbody
home
home-tab
kid-again
kid-done-msg
kid-done-preview
kid-exit
kid-file
kid-filename
kid-make
kid-mode
kid-mode-toggle
kid-print
kid-prompt
kid-status
kid-step-choose
kid-step-done
kid-step-work
light-off
light-on
login
loginCaptchaId
loginCaptchaImg
loginCaptchaText
loginCountry
loginEmail
loginFile
loginFilePath
loginPassword
logout-form
messages
move-x-minus
move-x-plus
move-y-minus
move-y-plus
move-z-minus
move-z-plus
mqtt-enabled
mqtt-form
mqtt-host
mqtt-password
mqtt-port
mqtt-prefix
mqtt-save
mqtt-user
nozzle-temp
octoPrintHost
player
popupModal
print-controls
print-controls-btns
print-layer
print-monitor-animal-stop
print-monitor-check
print-monitor-confidence-label
print-monitor-confidence-threshold
print-monitor-debug
print-monitor-debug-image
print-monitor-debug-request
print-monitor-debug-response
print-monitor-enabled
print-monitor-form
print-monitor-frame-count
print-monitor-interval
print-monitor-key
print-monitor-model
print-monitor-prompt
print-monitor-save
print-monitor-spacing
print-monitor-status
print-monitor-url
print-name
print-pause
print-resume
print-speed
print-stop
printLayer
printName
printProgress
printSpeed
printer-command-feed
printer-debug-feed
printer-ip-display
printer-lan-search-btn
printer-lan-search-result
printer-power-save
printer-power-save-detail
printer-power-save-tile
printer-power-strip
printer-socket-state
printer-socket-state-detail
printer-socket-state-tile
printer-socket-uptime
printer-socket-uptime-detail
printer-socket-uptime-tile
printer-socket-watts
printer-socket-watts-detail
printer-socket-watts-tile
printer-state-bed
printer-state-bed-detail
printer-state-detail
printer-state-nozzle
printer-state-nozzle-detail
printer-state-phase
printer-state-strip
printer-state-upload
printer-state-upload-detail
progress
progressbar
reload
scad-ai-go
scad-ai-images
scad-ai-images-note
scad-ai-iters
scad-ai-prompt
scad-ai-undo
scad-preview-canvas
scad-preview-loading
set-bed-temp
set-nozzle-temp
setup
setup-account
setup-account-tab
setup-appearance-pane
setup-appearance-tab
setup-camera-ai-pane
setup-camera-ai-tab
setup-instructions-pane
setup-instructions-tab
setup-mqtt-pane
setup-mqtt-tab
setup-notifications-pane
setup-notifications-tab
setup-printer-pane
setup-printer-tab
setup-tab
setup-timelapse-pane
setup-timelapse-tab
setup-tools
setup-tools-tab
setupTabContent
setupTabs
slice
slice-add-file
slice-add-part
slice-adhesion
slice-bed-temp
slice-canvas
slice-continue
slice-download
slice-gcode-file
slice-gcode-send
slice-infill
slice-infill-label
slice-layer
slice-layer-height
slice-layer-label
slice-nozzle-temp
slice-parts
slice-pattern
slice-preview-wrap
slice-print
slice-printer-model
slice-run
slice-scad
slice-scad-details
slice-scad-live
slice-scad-note
slice-scad-render
slice-scale
slice-scale-label
slice-skirt-gap
slice-status
slice-stl-file
slice-supports
slice-tab
slice-travel
slice-warning
smart-socket-auto-off
smart-socket-base-url
smart-socket-enabled
smart-socket-form
smart-socket-idle-sec
smart-socket-off
smart-socket-on
smart-socket-power
smart-socket-power-saving
smart-socket-save
smart-socket-status
smart-socket-switch
smart-socket-token
smart-socket-wake-sec
snapshot-btn
step-dist-label
step-dist-slider
tab
temp-chart
temp-graph-section
temp-override-bed
temp-override-enabled
temp-override-nozzle
temperature-overrides-form
temperature-overrides-save
temperature-overrides-status
time-elapsed
time-remain
timeElapsed
timeRemain
timelapse
timelapse-disabled-banner
timelapse-enabled
timelapse-form
timelapse-interval
timelapse-light
timelapse-list
timelapse-max-videos
timelapse-persistent
timelapse-player
timelapse-player-card
timelapse-player-delete
timelapse-player-meta
timelapse-player-placeholder
timelapse-player-title
timelapse-save
update-badge
update-badge-version
upload
upload-card-wrapper
upload-progress
upload-progress-meta
upload-progress-section
upload-progressbar
upload-rate
uploadProgress
video-controls-section
video-resolution
video-toggle
video-toggle-container
vplayer
z-offset-apply
z-offset-down
z-offset-input
z-offset-refresh
z-offset-status
z-offset-up
z-offset-value
